  Determining projects to restore...
  All projects are up-to-date for restore.
  Domain -> C:\Users\Admin\Desktop\DecoratoSystem\Core\Domain\bin\Debug\net8.0\Domain.dll
C:\Users\Admin\Desktop\DecoratoSystem\Core\Application\Authntication\JwtOptions.cs(12,23): warning CS8618: Non-nullable property 'Issuer' must contain a non-null value when exiting constructor. Consider adding the 'required' modifier or declaring the property as nullable. [C:\Users\Admin\Desktop\DecoratoSystem\Core\Application\Application.csproj]
C:\Users\Admin\Desktop\DecoratoSystem\Core\Application\Authntication\JwtOptions.cs(13,23): warning CS8618: Non-nullable property 'Audience' must contain a non-null value when exiting constructor. Consider adding the 'required' modifier or declaring the property as nullable. [C:\Users\Admin\Desktop\DecoratoSystem\Core\Application\Application.csproj]
C:\Users\Admin\Desktop\DecoratoSystem\Core\Application\Authntication\JwtOptions.cs(14,23): warning CS8618: Non-nullable property 'Key' must contain a non-null value when exiting constructor. Consider adding the 'required' modifier or declaring the property as nullable. [C:\Users\Admin\Desktop\DecoratoSystem\Core\Application\Application.csproj]
C:\Users\Admin\Desktop\DecoratoSystem\Core\Application\Services\Implementation\VoteService.cs(47,26): error CS0029: Cannot implicitly convert type 'string' to 'int' [C:\Users\Admin\Desktop\DecoratoSystem\Core\Application\Application.csproj]
C:\Users\Admin\Desktop\DecoratoSystem\Core\Application\Services\Implementation\VoteService.cs(48,26): error CS0029: Cannot implicitly convert type 'string' to 'int' [C:\Users\Admin\Desktop\DecoratoSystem\Core\Application\Application.csproj]
C:\Users\Admin\Desktop\DecoratoSystem\Core\Application\Services\Implementation\AIDesignService.cs(37,17): error CS0117: 'AIDesign' does not contain a definition for 'OriginalImageUrl' [C:\Users\Admin\Desktop\DecoratoSystem\Core\Application\Application.csproj]
C:\Users\Admin\Desktop\DecoratoSystem\Core\Application\Services\Implementation\AIDesignService.cs(38,17): error CS0117: 'AIDesign' does not contain a definition for 'GeneratedImageUrl' [C:\Users\Admin\Desktop\DecoratoSystem\Core\Application\Application.csproj]
C:\Users\Admin\Desktop\DecoratoSystem\Core\Application\Services\Implementation\AIDesignService.cs(40,17): error CS0117: 'AIDesign' does not contain a definition for 'RoomTypeId' [C:\Users\Admin\Desktop\DecoratoSystem\Core\Application\Application.csproj]
C:\Users\Admin\Desktop\DecoratoSystem\Core\Application\Services\Implementation\AIDesignService.cs(41,17): error CS0117: 'AIDesign' does not contain a definition for 'DesignStyleId' [C:\Users\Admin\Desktop\DecoratoSystem\Core\Application\Application.csproj]
C:\Users\Admin\Desktop\DecoratoSystem\Core\Application\Services\Implementation\AIDesignService.cs(42,26): error CS0029: Cannot implicitly convert type 'string' to 'int' [C:\Users\Admin\Desktop\DecoratoSystem\Core\Application\Application.csproj]
C:\Users\Admin\Desktop\DecoratoSystem\Core\Application\Services\Implementation\AIDesignService.cs(39,26): warning CS8601: Possible null reference assignment. [C:\Users\Admin\Desktop\DecoratoSystem\Core\Application\Application.csproj]
C:\Users\Admin\Desktop\DecoratoSystem\Core\Application\Services\Implementation\ChatMessageService.cs(28,34): error CS0029: Cannot implicitly convert type 'string' to 'int?' [C:\Users\Admin\Desktop\DecoratoSystem\Core\Application\Application.csproj]
C:\Users\Admin\Desktop\DecoratoSystem\Core\Application\Services\Implementation\ChatMessageService.cs(29,26): error CS0029: Cannot implicitly convert type 'string' to 'int' [C:\Users\Admin\Desktop\DecoratoSystem\Core\Application\Application.csproj]
C:\Users\Admin\Desktop\DecoratoSystem\Core\Application\Services\Implementation\ChatMessageService.cs(30,17): error CS0117: 'ChatMessage' does not contain a definition for 'Content' [C:\Users\Admin\Desktop\DecoratoSystem\Core\Application\Application.csproj]
C:\Users\Admin\Desktop\DecoratoSystem\Core\Application\Services\Implementation\ChatMessageService.cs(55,24): error CS1061: 'ChatMessage' does not contain a definition for 'Content' and no accessible extension method 'Content' accepting a first argument of type 'ChatMessage' could be found (are you missing a using directive or an assembly reference?) [C:\Users\Admin\Desktop\DecoratoSystem\Core\Application\Application.csproj]
C:\Users\Admin\Desktop\DecoratoSystem\Core\Application\Services\Implementation\ChatMessageService.cs(51,17): error CS1503: Argument 1: cannot convert from 'int' to 'string' [C:\Users\Admin\Desktop\DecoratoSystem\Core\Application\Application.csproj]
C:\Users\Admin\Desktop\DecoratoSystem\Core\Application\Services\Implementation\ChatMessageService.cs(52,17): error CS1503: Argument 2: cannot convert from 'int?' to 'string' [C:\Users\Admin\Desktop\DecoratoSystem\Core\Application\Application.csproj]
C:\Users\Admin\Desktop\DecoratoSystem\Core\Application\Services\Implementation\ChatMessageService.cs(53,17): error CS1503: Argument 3: cannot convert from 'int' to 'string' [C:\Users\Admin\Desktop\DecoratoSystem\Core\Application\Application.csproj]
C:\Users\Admin\Desktop\DecoratoSystem\Core\Application\Services\Implementation\VoteService.cs(69,17): error CS1503: Argument 1: cannot convert from 'int' to 'string' [C:\Users\Admin\Desktop\DecoratoSystem\Core\Application\Application.csproj]
C:\Users\Admin\Desktop\DecoratoSystem\Core\Application\Services\Implementation\VoteService.cs(70,17): error CS1503: Argument 2: cannot convert from 'int' to 'string' [C:\Users\Admin\Desktop\DecoratoSystem\Core\Application\Application.csproj]
C:\Users\Admin\Desktop\DecoratoSystem\Core\Application\Services\Implementation\VoteService.cs(71,17): error CS1503: Argument 3: cannot convert from 'int' to 'string' [C:\Users\Admin\Desktop\DecoratoSystem\Core\Application\Application.csproj]
C:\Users\Admin\Desktop\DecoratoSystem\Core\Application\Services\Implementation\CommentService.cs(45,26): error CS0029: Cannot implicitly convert type 'string' to 'int' [C:\Users\Admin\Desktop\DecoratoSystem\Core\Application\Application.csproj]
C:\Users\Admin\Desktop\DecoratoSystem\Core\Application\Services\Implementation\CommentService.cs(46,26): error CS0029: Cannot implicitly convert type 'string' to 'int' [C:\Users\Admin\Desktop\DecoratoSystem\Core\Application\Application.csproj]
C:\Users\Admin\Desktop\DecoratoSystem\Core\Application\Services\Implementation\AIDesignService.cs(55,20): error CS1061: 'AIDesign' does not contain a definition for 'OriginalImageUrl' and no accessible extension method 'OriginalImageUrl' accepting a first argument of type 'AIDesign' could be found (are you missing a using directive or an assembly reference?) [C:\Users\Admin\Desktop\DecoratoSystem\Core\Application\Application.csproj]
C:\Users\Admin\Desktop\DecoratoSystem\Core\Application\Services\Implementation\AIDesignService.cs(56,20): error CS1061: 'AIDesign' does not contain a definition for 'GeneratedImageUrl' and no accessible extension method 'GeneratedImageUrl' accepting a first argument of type 'AIDesign' could be found (are you missing a using directive or an assembly reference?) [C:\Users\Admin\Desktop\DecoratoSystem\Core\Application\Application.csproj]
C:\Users\Admin\Desktop\DecoratoSystem\Core\Application\Services\Implementation\AIDesignService.cs(58,20): error CS1061: 'AIDesign' does not contain a definition for 'RoomTypeId' and no accessible extension method 'RoomTypeId' accepting a first argument of type 'AIDesign' could be found (are you missing a using directive or an assembly reference?) [C:\Users\Admin\Desktop\DecoratoSystem\Core\Application\Application.csproj]
C:\Users\Admin\Desktop\DecoratoSystem\Core\Application\Services\Implementation\AIDesignService.cs(59,20): error CS1061: 'AIDesign' does not contain a definition for 'DesignStyleId' and no accessible extension method 'DesignStyleId' accepting a first argument of type 'AIDesign' could be found (are you missing a using directive or an assembly reference?) [C:\Users\Admin\Desktop\DecoratoSystem\Core\Application\Application.csproj]
C:\Users\Admin\Desktop\DecoratoSystem\Core\Application\Services\Implementation\AIDesignService.cs(57,29): warning CS8601: Possible null reference assignment. [C:\Users\Admin\Desktop\DecoratoSystem\Core\Application\Application.csproj]
C:\Users\Admin\Desktop\DecoratoSystem\Core\Application\Services\Implementation\AIDesignService.cs(86,24): error CS1061: 'AIDesign' does not contain a definition for 'OriginalImageUrl' and no accessible extension method 'OriginalImageUrl' accepting a first argument of type 'AIDesign' could be found (are you missing a using directive or an assembly reference?) [C:\Users\Admin\Desktop\DecoratoSystem\Core\Application\Application.csproj]
C:\Users\Admin\Desktop\DecoratoSystem\Core\Application\Services\Implementation\AIDesignService.cs(87,24): error CS1061: 'AIDesign' does not contain a definition for 'GeneratedImageUrl' and no accessible extension method 'GeneratedImageUrl' accepting a first argument of type 'AIDesign' could be found (are you missing a using directive or an assembly reference?) [C:\Users\Admin\Desktop\DecoratoSystem\Core\Application\Application.csproj]
C:\Users\Admin\Desktop\DecoratoSystem\Core\Application\Services\Implementation\AIDesignService.cs(89,24): error CS1061: 'AIDesign' does not contain a definition for 'RoomTypeId' and no accessible extension method 'RoomTypeId' accepting a first argument of type 'AIDesign' could be found (are you missing a using directive or an assembly reference?) [C:\Users\Admin\Desktop\DecoratoSystem\Core\Application\Application.csproj]
C:\Users\Admin\Desktop\DecoratoSystem\Core\Application\Services\Implementation\AIDesignService.cs(90,24): error CS1061: 'AIDesign' does not contain a definition for 'RoomType' and no accessible extension method 'RoomType' accepting a first argument of type 'AIDesign' could be found (are you missing a using directive or an assembly reference?) [C:\Users\Admin\Desktop\DecoratoSystem\Core\Application\Application.csproj]
C:\Users\Admin\Desktop\DecoratoSystem\Core\Application\Services\Implementation\AIDesignService.cs(91,24): error CS1061: 'AIDesign' does not contain a definition for 'DesignStyleId' and no accessible extension method 'DesignStyleId' accepting a first argument of type 'AIDesign' could be found (are you missing a using directive or an assembly reference?) [C:\Users\Admin\Desktop\DecoratoSystem\Core\Application\Application.csproj]
C:\Users\Admin\Desktop\DecoratoSystem\Core\Application\Services\Implementation\AIDesignService.cs(92,24): error CS1061: 'AIDesign' does not contain a definition for 'DesignStyle' and no accessible extension method 'DesignStyle' accepting a first argument of type 'AIDesign' could be found (are you missing a using directive or an assembly reference?) [C:\Users\Admin\Desktop\DecoratoSystem\Core\Application\Application.csproj]
C:\Users\Admin\Desktop\DecoratoSystem\Core\Application\Services\Implementation\AIDesignService.cs(85,17): error CS1503: Argument 1: cannot convert from 'int' to 'string' [C:\Users\Admin\Desktop\DecoratoSystem\Core\Application\Application.csproj]
C:\Users\Admin\Desktop\DecoratoSystem\Core\Application\Services\Implementation\AIDesignService.cs(93,17): error CS1503: Argument 9: cannot convert from 'int' to 'string' [C:\Users\Admin\Desktop\DecoratoSystem\Core\Application\Application.csproj]
C:\Users\Admin\Desktop\DecoratoSystem\Core\Application\Services\Implementation\DesignStyleService.cs(51,20): error CS1061: 'DesignStyle' does not contain a definition for 'Description' and no accessible extension method 'Description' accepting a first argument of type 'DesignStyle' could be found (are you missing a using directive or an assembly reference?) [C:\Users\Admin\Desktop\DecoratoSystem\Core\Application\Application.csproj]
C:\Users\Admin\Desktop\DecoratoSystem\Core\Application\Services\Implementation\PostService.cs(49,24): error CS1061: 'Post' does not contain a definition for 'UpdatedAt' and no accessible extension method 'UpdatedAt' accepting a first argument of type 'Post' could be found (are you missing a using directive or an assembly reference?) [C:\Users\Admin\Desktop\DecoratoSystem\Core\Application\Application.csproj]
C:\Users\Admin\Desktop\DecoratoSystem\Core\Application\Services\Implementation\PostService.cs(53,21): error CS1503: Argument 1: cannot convert from 'int' to 'string' [C:\Users\Admin\Desktop\DecoratoSystem\Core\Application\Application.csproj]
C:\Users\Admin\Desktop\DecoratoSystem\Core\Application\Services\Implementation\PostService.cs(54,21): error CS1503: Argument 2: cannot convert from 'int' to 'string' [C:\Users\Admin\Desktop\DecoratoSystem\Core\Application\Application.csproj]
C:\Users\Admin\Desktop\DecoratoSystem\Core\Application\Services\Implementation\PostService.cs(55,21): error CS1503: Argument 3: cannot convert from 'int' to 'string' [C:\Users\Admin\Desktop\DecoratoSystem\Core\Application\Application.csproj]
C:\Users\Admin\Desktop\DecoratoSystem\Core\Application\Services\Implementation\PostService.cs(42,17): error CS1503: Argument 1: cannot convert from 'int' to 'string' [C:\Users\Admin\Desktop\DecoratoSystem\Core\Application\Application.csproj]
C:\Users\Admin\Desktop\DecoratoSystem\Core\Application\Services\Implementation\PostService.cs(43,17): error CS1503: Argument 2: cannot convert from 'int' to 'string' [C:\Users\Admin\Desktop\DecoratoSystem\Core\Application\Application.csproj]
C:\Users\Admin\Desktop\DecoratoSystem\Core\Application\Services\Implementation\PostService.cs(73,26): error CS0029: Cannot implicitly convert type 'string' to 'int' [C:\Users\Admin\Desktop\DecoratoSystem\Core\Application\Application.csproj]
C:\Users\Admin\Desktop\DecoratoSystem\Core\Application\Services\Implementation\CommentService.cs(80,17): error CS1503: Argument 1: cannot convert from 'int' to 'string' [C:\Users\Admin\Desktop\DecoratoSystem\Core\Application\Application.csproj]
C:\Users\Admin\Desktop\DecoratoSystem\Core\Application\Services\Implementation\CommentService.cs(81,17): error CS1503: Argument 2: cannot convert from 'int' to 'string' [C:\Users\Admin\Desktop\DecoratoSystem\Core\Application\Application.csproj]
C:\Users\Admin\Desktop\DecoratoSystem\Core\Application\Services\Implementation\CommentService.cs(82,17): error CS1503: Argument 3: cannot convert from 'int' to 'string' [C:\Users\Admin\Desktop\DecoratoSystem\Core\Application\Application.csproj]
C:\Users\Admin\Desktop\DecoratoSystem\Core\Application\Services\Implementation\PostService.cs(89,20): error CS1061: 'Post' does not contain a definition for 'UpdatedAt' and no accessible extension method 'UpdatedAt' accepting a first argument of type 'Post' could be found (are you missing a using directive or an assembly reference?) [C:\Users\Admin\Desktop\DecoratoSystem\Core\Application\Application.csproj]
C:\Users\Admin\Desktop\DecoratoSystem\Core\Application\Services\Implementation\RoomTypeService.cs(51,20): error CS1061: 'RoomType' does not contain a definition for 'Description' and no accessible extension method 'Description' accepting a first argument of type 'RoomType' could be found (are you missing a using directive or an assembly reference?) [C:\Users\Admin\Desktop\DecoratoSystem\Core\Application\Application.csproj]
C:\Users\Admin\Desktop\DecoratoSystem\Core\Application\Services\Implementation\ProfileService.cs(60,48): error CS1061: 'User' does not contain a definition for 'UserName' and no accessible extension method 'UserName' accepting a first argument of type 'User' could be found (are you missing a using directive or an assembly reference?) [C:\Users\Admin\Desktop\DecoratoSystem\Core\Application\Application.csproj]
C:\Users\Admin\Desktop\DecoratoSystem\Core\Application\Services\Implementation\ProfileService.cs(62,22): error CS1061: 'User' does not contain a definition for 'UserName' and no accessible extension method 'UserName' accepting a first argument of type 'User' could be found (are you missing a using directive or an assembly reference?) [C:\Users\Admin\Desktop\DecoratoSystem\Core\Application\Application.csproj]
C:\Users\Admin\Desktop\DecoratoSystem\Core\Application\Services\Implementation\RatingService.cs(52,26): error CS1061: 'Rating' does not contain a definition for 'Value' and no accessible extension method 'Value' accepting a first argument of type 'Rating' could be found (are you missing a using directive or an assembly reference?) [C:\Users\Admin\Desktop\DecoratoSystem\Core\Application\Application.csproj]
C:\Users\Admin\Desktop\DecoratoSystem\Core\Application\Services\Implementation\RatingService.cs(61,36): error CS0029: Cannot implicitly convert type 'string' to 'int?' [C:\Users\Admin\Desktop\DecoratoSystem\Core\Application\Application.csproj]
C:\Users\Admin\Desktop\DecoratoSystem\Core\Application\Services\Implementation\RatingService.cs(62,26): error CS0029: Cannot implicitly convert type 'string' to 'int' [C:\Users\Admin\Desktop\DecoratoSystem\Core\Application\Application.csproj]
C:\Users\Admin\Desktop\DecoratoSystem\Core\Application\Services\Implementation\RatingService.cs(63,17): error CS0117: 'Rating' does not contain a definition for 'Value' [C:\Users\Admin\Desktop\DecoratoSystem\Core\Application\Application.csproj]
C:\Users\Admin\Desktop\DecoratoSystem\Core\Application\Services\Implementation\PostService.cs(115,24): error CS1061: 'Post' does not contain a definition for 'UpdatedAt' and no accessible extension method 'UpdatedAt' accepting a first argument of type 'Post' could be found (are you missing a using directive or an assembly reference?) [C:\Users\Admin\Desktop\DecoratoSystem\Core\Application\Application.csproj]
C:\Users\Admin\Desktop\DecoratoSystem\Core\Application\Services\Implementation\PostService.cs(108,17): error CS1503: Argument 1: cannot convert from 'int' to 'string' [C:\Users\Admin\Desktop\DecoratoSystem\Core\Application\Application.csproj]
C:\Users\Admin\Desktop\DecoratoSystem\Core\Application\Services\Implementation\PostService.cs(109,17): error CS1503: Argument 2: cannot convert from 'int' to 'string' [C:\Users\Admin\Desktop\DecoratoSystem\Core\Application\Application.csproj]
C:\Users\Admin\Desktop\DecoratoSystem\Core\Application\Services\Implementation\RatingService.cs(90,24): error CS1061: 'Rating' does not contain a definition for 'Value' and no accessible extension method 'Value' accepting a first argument of type 'Rating' could be found (are you missing a using directive or an assembly reference?) [C:\Users\Admin\Desktop\DecoratoSystem\Core\Application\Application.csproj]
C:\Users\Admin\Desktop\DecoratoSystem\Core\Application\Services\Implementation\RatingService.cs(86,17): error CS1503: Argument 1: cannot convert from 'int' to 'string' [C:\Users\Admin\Desktop\DecoratoSystem\Core\Application\Application.csproj]
C:\Users\Admin\Desktop\DecoratoSystem\Core\Application\Services\Implementation\RatingService.cs(87,17): error CS1503: Argument 2: cannot convert from 'int?' to 'string' [C:\Users\Admin\Desktop\DecoratoSystem\Core\Application\Application.csproj]
C:\Users\Admin\Desktop\DecoratoSystem\Core\Application\Services\Implementation\RatingService.cs(88,17): error CS1503: Argument 3: cannot convert from 'int' to 'string' [C:\Users\Admin\Desktop\DecoratoSystem\Core\Application\Application.csproj]
C:\Users\Admin\Desktop\DecoratoSystem\Core\Application\Services\Implementation\ShowcaseDesignService.cs(40,17): error CS0117: 'ShowcaseDesign' does not contain a definition for 'Description' [C:\Users\Admin\Desktop\DecoratoSystem\Core\Application\Application.csproj]
C:\Users\Admin\Desktop\DecoratoSystem\Core\Application\Services\Implementation\ShowcaseDesignService.cs(42,30): error CS0029: Cannot implicitly convert type 'string' to 'int' [C:\Users\Admin\Desktop\DecoratoSystem\Core\Application\Application.csproj]
C:\Users\Admin\Desktop\DecoratoSystem\Core\Application\Services\Implementation\ShowcaseDesignService.cs(43,33): error CS0029: Cannot implicitly convert type 'string' to 'int' [C:\Users\Admin\Desktop\DecoratoSystem\Core\Application\Application.csproj]
C:\Users\Admin\Desktop\DecoratoSystem\Core\Application\Services\Implementation\ShowcaseDesignService.cs(44,17): error CS0117: 'ShowcaseDesign' does not contain a definition for 'UserId' [C:\Users\Admin\Desktop\DecoratoSystem\Core\Application\Application.csproj]
C:\Users\Admin\Desktop\DecoratoSystem\Core\Application\Services\Implementation\ShowcaseDesignService.cs(51,69): error CS1503: Argument 1: cannot convert from 'int' to 'string' [C:\Users\Admin\Desktop\DecoratoSystem\Core\Application\Application.csproj]
C:\Users\Admin\Desktop\DecoratoSystem\Core\Application\Services\Implementation\ShowcaseDesignService.cs(62,20): error CS1061: 'ShowcaseDesign' does not contain a definition for 'Description' and no accessible extension method 'Description' accepting a first argument of type 'ShowcaseDesign' could be found (are you missing a using directive or an assembly reference?) [C:\Users\Admin\Desktop\DecoratoSystem\Core\Application\Application.csproj]
C:\Users\Admin\Desktop\DecoratoSystem\Core\Application\Services\Implementation\ShowcaseDesignService.cs(64,33): error CS0029: Cannot implicitly convert type 'string' to 'int' [C:\Users\Admin\Desktop\DecoratoSystem\Core\Application\Application.csproj]
C:\Users\Admin\Desktop\DecoratoSystem\Core\Application\Services\Implementation\ShowcaseDesignService.cs(65,36): error CS0029: Cannot implicitly convert type 'string' to 'int' [C:\Users\Admin\Desktop\DecoratoSystem\Core\Application\Application.csproj]
C:\Users\Admin\Desktop\DecoratoSystem\Core\Application\Dtos\GeneralResponseDto.cs(20,18): warning CS8618: Non-nullable property 'Data' must contain a non-null value when exiting constructor. Consider adding the 'required' modifier or declaring the property as nullable. [C:\Users\Admin\Desktop\DecoratoSystem\Core\Application\Application.csproj]
C:\Users\Admin\Desktop\DecoratoSystem\Core\Application\Dtos\GeneralResponseDto.cs(23,23): warning CS8618: Non-nullable property 'Message' must contain a non-null value when exiting constructor. Consider adding the 'required' modifier or declaring the property as nullable. [C:\Users\Admin\Desktop\DecoratoSystem\Core\Application\Application.csproj]
C:\Users\Admin\Desktop\DecoratoSystem\Core\Application\Services\Implementation\AuthService.cs(36,61): error CS1061: 'User' does not contain a definition for 'UserName' and no accessible extension method 'UserName' accepting a first argument of type 'User' could be found (are you missing a using directive or an assembly reference?) [C:\Users\Admin\Desktop\DecoratoSystem\Core\Application\Application.csproj]
C:\Users\Admin\Desktop\DecoratoSystem\Core\Application\Services\Implementation\AuthService.cs(59,21): error CS0117: 'User' does not contain a definition for 'UserName' [C:\Users\Admin\Desktop\DecoratoSystem\Core\Application\Application.csproj]
C:\Users\Admin\Desktop\DecoratoSystem\Core\Application\Services\Implementation\AuthService.cs(70,52): error CS1061: 'User' does not contain a definition for 'UserName' and no accessible extension method 'UserName' accepting a first argument of type 'User' could be found (are you missing a using directive or an assembly reference?) [C:\Users\Admin\Desktop\DecoratoSystem\Core\Application\Application.csproj]
C:\Users\Admin\Desktop\DecoratoSystem\Core\Application\Services\Implementation\AuthService.cs(72,26): error CS1061: 'User' does not contain a definition for 'UserName' and no accessible extension method 'UserName' accepting a first argument of type 'User' could be found (are you missing a using directive or an assembly reference?) [C:\Users\Admin\Desktop\DecoratoSystem\Core\Application\Application.csproj]
C:\Users\Admin\Desktop\DecoratoSystem\Core\Application\Services\Implementation\AuthService.cs(78,82): error CS1061: 'User' does not contain a definition for 'UserName' and no accessible extension method 'UserName' accepting a first argument of type 'User' could be found (are you missing a using directive or an assembly reference?) [C:\Users\Admin\Desktop\DecoratoSystem\Core\Application\Application.csproj]
C:\Users\Admin\Desktop\DecoratoSystem\Core\Application\Services\Implementation\ProfileService.cs(162,60): error CS1503: Argument 1: cannot convert from 'int' to 'string' [C:\Users\Admin\Desktop\DecoratoSystem\Core\Application\Application.csproj]
C:\Users\Admin\Desktop\DecoratoSystem\Core\Application\Services\Implementation\ProfileService.cs(168,51): error CS1061: 'IRatingRepository' does not contain a definition for 'GetByUserIdAsync' and no accessible extension method 'GetByUserIdAsync' accepting a first argument of type 'IRatingRepository' could be found (are you missing a using directive or an assembly reference?) [C:\Users\Admin\Desktop\DecoratoSystem\Core\Application\Application.csproj]
C:\Users\Admin\Desktop\DecoratoSystem\Core\Application\Services\Implementation\AuthService.cs(83,46): error CS1061: 'IAuthRepository' does not contain a definition for 'FindUserById' and no accessible extension method 'FindUserById' accepting a first argument of type 'IAuthRepository' could be found (are you missing a using directive or an assembly reference?) [C:\Users\Admin\Desktop\DecoratoSystem\Core\Application\Application.csproj]
C:\Users\Admin\Desktop\DecoratoSystem\Core\Application\Services\Implementation\AuthService.cs(114,18): error CS1061: 'User' does not contain a definition for 'UserName' and no accessible extension method 'UserName' accepting a first argument of type 'User' could be found (are you missing a using directive or an assembly reference?) [C:\Users\Admin\Desktop\DecoratoSystem\Core\Application\Application.csproj]
C:\Users\Admin\Desktop\DecoratoSystem\Core\Application\Services\Implementation\AuthService.cs(119,66): error CS1061: 'User' does not contain a definition for 'UserName' and no accessible extension method 'UserName' accepting a first argument of type 'User' could be found (are you missing a using directive or an assembly reference?) [C:\Users\Admin\Desktop\DecoratoSystem\Core\Application\Application.csproj]
C:\Users\Admin\Desktop\DecoratoSystem\Core\Application\Services\Implementation\AuthService.cs(143,84): error CS1061: 'User' does not contain a definition for 'UserName' and no accessible extension method 'UserName' accepting a first argument of type 'User' could be found (are you missing a using directive or an assembly reference?) [C:\Users\Admin\Desktop\DecoratoSystem\Core\Application\Application.csproj]
C:\Users\Admin\Desktop\DecoratoSystem\Core\Application\Services\Implementation\ShowcaseDesignService.cs(120,91): error CS1061: 'Rating' does not contain a definition for 'Value' and no accessible extension method 'Value' accepting a first argument of type 'Rating' could be found (are you missing a using directive or an assembly reference?) [C:\Users\Admin\Desktop\DecoratoSystem\Core\Application\Application.csproj]
C:\Users\Admin\Desktop\DecoratoSystem\Core\Application\Services\Implementation\ShowcaseDesignService.cs(124,24): error CS1061: 'ShowcaseDesign' does not contain a definition for 'Description' and no accessible extension method 'Description' accepting a first argument of type 'ShowcaseDesign' could be found (are you missing a using directive or an assembly reference?) [C:\Users\Admin\Desktop\DecoratoSystem\Core\Application\Application.csproj]
C:\Users\Admin\Desktop\DecoratoSystem\Core\Application\Services\Implementation\ShowcaseDesignService.cs(130,24): error CS1061: 'ShowcaseDesign' does not contain a definition for 'UserId' and no accessible extension method 'UserId' accepting a first argument of type 'ShowcaseDesign' could be found (are you missing a using directive or an assembly reference?) [C:\Users\Admin\Desktop\DecoratoSystem\Core\Application\Application.csproj]
C:\Users\Admin\Desktop\DecoratoSystem\Core\Application\Services\Implementation\ShowcaseDesignService.cs(131,24): error CS1061: 'ShowcaseDesign' does not contain a definition for 'User' and no accessible extension method 'User' accepting a first argument of type 'ShowcaseDesign' could be found (are you missing a using directive or an assembly reference?) [C:\Users\Admin\Desktop\DecoratoSystem\Core\Application\Application.csproj]
C:\Users\Admin\Desktop\DecoratoSystem\Core\Application\Services\Implementation\ShowcaseDesignService.cs(122,17): error CS1503: Argument 1: cannot convert from 'int' to 'string' [C:\Users\Admin\Desktop\DecoratoSystem\Core\Application\Application.csproj]
C:\Users\Admin\Desktop\DecoratoSystem\Core\Application\Services\Implementation\ShowcaseDesignService.cs(126,17): error CS1503: Argument 5: cannot convert from 'int' to 'string' [C:\Users\Admin\Desktop\DecoratoSystem\Core\Application\Application.csproj]
C:\Users\Admin\Desktop\DecoratoSystem\Core\Application\Services\Implementation\ShowcaseDesignService.cs(128,17): error CS1503: Argument 7: cannot convert from 'int' to 'string' [C:\Users\Admin\Desktop\DecoratoSystem\Core\Application\Application.csproj]

Build FAILED.

C:\Users\Admin\Desktop\DecoratoSystem\Core\Application\Authntication\JwtOptions.cs(12,23): warning CS8618: Non-nullable property 'Issuer' must contain a non-null value when exiting constructor. Consider adding the 'required' modifier or declaring the property as nullable. [C:\Users\Admin\Desktop\DecoratoSystem\Core\Application\Application.csproj]
C:\Users\Admin\Desktop\DecoratoSystem\Core\Application\Authntication\JwtOptions.cs(13,23): warning CS8618: Non-nullable property 'Audience' must contain a non-null value when exiting constructor. Consider adding the 'required' modifier or declaring the property as nullable. [C:\Users\Admin\Desktop\DecoratoSystem\Core\Application\Application.csproj]
C:\Users\Admin\Desktop\DecoratoSystem\Core\Application\Authntication\JwtOptions.cs(14,23): warning CS8618: Non-nullable property 'Key' must contain a non-null value when exiting constructor. Consider adding the 'required' modifier or declaring the property as nullable. [C:\Users\Admin\Desktop\DecoratoSystem\Core\Application\Application.csproj]
C:\Users\Admin\Desktop\DecoratoSystem\Core\Application\Services\Implementation\AIDesignService.cs(39,26): warning CS8601: Possible null reference assignment. [C:\Users\Admin\Desktop\DecoratoSystem\Core\Application\Application.csproj]
C:\Users\Admin\Desktop\DecoratoSystem\Core\Application\Services\Implementation\AIDesignService.cs(57,29): warning CS8601: Possible null reference assignment. [C:\Users\Admin\Desktop\DecoratoSystem\Core\Application\Application.csproj]
C:\Users\Admin\Desktop\DecoratoSystem\Core\Application\Dtos\GeneralResponseDto.cs(20,18): warning CS8618: Non-nullable property 'Data' must contain a non-null value when exiting constructor. Consider adding the 'required' modifier or declaring the property as nullable. [C:\Users\Admin\Desktop\DecoratoSystem\Core\Application\Application.csproj]
C:\Users\Admin\Desktop\DecoratoSystem\Core\Application\Dtos\GeneralResponseDto.cs(23,23): warning CS8618: Non-nullable property 'Message' must contain a non-null value when exiting constructor. Consider adding the 'required' modifier or declaring the property as nullable. [C:\Users\Admin\Desktop\DecoratoSystem\Core\Application\Application.csproj]
C:\Users\Admin\Desktop\DecoratoSystem\Core\Application\Services\Implementation\VoteService.cs(47,26): error CS0029: Cannot implicitly convert type 'string' to 'int' [C:\Users\Admin\Desktop\DecoratoSystem\Core\Application\Application.csproj]
C:\Users\Admin\Desktop\DecoratoSystem\Core\Application\Services\Implementation\VoteService.cs(48,26): error CS0029: Cannot implicitly convert type 'string' to 'int' [C:\Users\Admin\Desktop\DecoratoSystem\Core\Application\Application.csproj]
C:\Users\Admin\Desktop\DecoratoSystem\Core\Application\Services\Implementation\AIDesignService.cs(37,17): error CS0117: 'AIDesign' does not contain a definition for 'OriginalImageUrl' [C:\Users\Admin\Desktop\DecoratoSystem\Core\Application\Application.csproj]
C:\Users\Admin\Desktop\DecoratoSystem\Core\Application\Services\Implementation\AIDesignService.cs(38,17): error CS0117: 'AIDesign' does not contain a definition for 'GeneratedImageUrl' [C:\Users\Admin\Desktop\DecoratoSystem\Core\Application\Application.csproj]
C:\Users\Admin\Desktop\DecoratoSystem\Core\Application\Services\Implementation\AIDesignService.cs(40,17): error CS0117: 'AIDesign' does not contain a definition for 'RoomTypeId' [C:\Users\Admin\Desktop\DecoratoSystem\Core\Application\Application.csproj]
C:\Users\Admin\Desktop\DecoratoSystem\Core\Application\Services\Implementation\AIDesignService.cs(41,17): error CS0117: 'AIDesign' does not contain a definition for 'DesignStyleId' [C:\Users\Admin\Desktop\DecoratoSystem\Core\Application\Application.csproj]
C:\Users\Admin\Desktop\DecoratoSystem\Core\Application\Services\Implementation\AIDesignService.cs(42,26): error CS0029: Cannot implicitly convert type 'string' to 'int' [C:\Users\Admin\Desktop\DecoratoSystem\Core\Application\Application.csproj]
C:\Users\Admin\Desktop\DecoratoSystem\Core\Application\Services\Implementation\ChatMessageService.cs(28,34): error CS0029: Cannot implicitly convert type 'string' to 'int?' [C:\Users\Admin\Desktop\DecoratoSystem\Core\Application\Application.csproj]
C:\Users\Admin\Desktop\DecoratoSystem\Core\Application\Services\Implementation\ChatMessageService.cs(29,26): error CS0029: Cannot implicitly convert type 'string' to 'int' [C:\Users\Admin\Desktop\DecoratoSystem\Core\Application\Application.csproj]
C:\Users\Admin\Desktop\DecoratoSystem\Core\Application\Services\Implementation\ChatMessageService.cs(30,17): error CS0117: 'ChatMessage' does not contain a definition for 'Content' [C:\Users\Admin\Desktop\DecoratoSystem\Core\Application\Application.csproj]
C:\Users\Admin\Desktop\DecoratoSystem\Core\Application\Services\Implementation\ChatMessageService.cs(55,24): error CS1061: 'ChatMessage' does not contain a definition for 'Content' and no accessible extension method 'Content' accepting a first argument of type 'ChatMessage' could be found (are you missing a using directive or an assembly reference?) [C:\Users\Admin\Desktop\DecoratoSystem\Core\Application\Application.csproj]
C:\Users\Admin\Desktop\DecoratoSystem\Core\Application\Services\Implementation\ChatMessageService.cs(51,17): error CS1503: Argument 1: cannot convert from 'int' to 'string' [C:\Users\Admin\Desktop\DecoratoSystem\Core\Application\Application.csproj]
C:\Users\Admin\Desktop\DecoratoSystem\Core\Application\Services\Implementation\ChatMessageService.cs(52,17): error CS1503: Argument 2: cannot convert from 'int?' to 'string' [C:\Users\Admin\Desktop\DecoratoSystem\Core\Application\Application.csproj]
C:\Users\Admin\Desktop\DecoratoSystem\Core\Application\Services\Implementation\ChatMessageService.cs(53,17): error CS1503: Argument 3: cannot convert from 'int' to 'string' [C:\Users\Admin\Desktop\DecoratoSystem\Core\Application\Application.csproj]
C:\Users\Admin\Desktop\DecoratoSystem\Core\Application\Services\Implementation\VoteService.cs(69,17): error CS1503: Argument 1: cannot convert from 'int' to 'string' [C:\Users\Admin\Desktop\DecoratoSystem\Core\Application\Application.csproj]
C:\Users\Admin\Desktop\DecoratoSystem\Core\Application\Services\Implementation\VoteService.cs(70,17): error CS1503: Argument 2: cannot convert from 'int' to 'string' [C:\Users\Admin\Desktop\DecoratoSystem\Core\Application\Application.csproj]
C:\Users\Admin\Desktop\DecoratoSystem\Core\Application\Services\Implementation\VoteService.cs(71,17): error CS1503: Argument 3: cannot convert from 'int' to 'string' [C:\Users\Admin\Desktop\DecoratoSystem\Core\Application\Application.csproj]
C:\Users\Admin\Desktop\DecoratoSystem\Core\Application\Services\Implementation\CommentService.cs(45,26): error CS0029: Cannot implicitly convert type 'string' to 'int' [C:\Users\Admin\Desktop\DecoratoSystem\Core\Application\Application.csproj]
C:\Users\Admin\Desktop\DecoratoSystem\Core\Application\Services\Implementation\CommentService.cs(46,26): error CS0029: Cannot implicitly convert type 'string' to 'int' [C:\Users\Admin\Desktop\DecoratoSystem\Core\Application\Application.csproj]
C:\Users\Admin\Desktop\DecoratoSystem\Core\Application\Services\Implementation\AIDesignService.cs(55,20): error CS1061: 'AIDesign' does not contain a definition for 'OriginalImageUrl' and no accessible extension method 'OriginalImageUrl' accepting a first argument of type 'AIDesign' could be found (are you missing a using directive or an assembly reference?) [C:\Users\Admin\Desktop\DecoratoSystem\Core\Application\Application.csproj]
C:\Users\Admin\Desktop\DecoratoSystem\Core\Application\Services\Implementation\AIDesignService.cs(56,20): error CS1061: 'AIDesign' does not contain a definition for 'GeneratedImageUrl' and no accessible extension method 'GeneratedImageUrl' accepting a first argument of type 'AIDesign' could be found (are you missing a using directive or an assembly reference?) [C:\Users\Admin\Desktop\DecoratoSystem\Core\Application\Application.csproj]
C:\Users\Admin\Desktop\DecoratoSystem\Core\Application\Services\Implementation\AIDesignService.cs(58,20): error CS1061: 'AIDesign' does not contain a definition for 'RoomTypeId' and no accessible extension method 'RoomTypeId' accepting a first argument of type 'AIDesign' could be found (are you missing a using directive or an assembly reference?) [C:\Users\Admin\Desktop\DecoratoSystem\Core\Application\Application.csproj]
C:\Users\Admin\Desktop\DecoratoSystem\Core\Application\Services\Implementation\AIDesignService.cs(59,20): error CS1061: 'AIDesign' does not contain a definition for 'DesignStyleId' and no accessible extension method 'DesignStyleId' accepting a first argument of type 'AIDesign' could be found (are you missing a using directive or an assembly reference?) [C:\Users\Admin\Desktop\DecoratoSystem\Core\Application\Application.csproj]
C:\Users\Admin\Desktop\DecoratoSystem\Core\Application\Services\Implementation\AIDesignService.cs(86,24): error CS1061: 'AIDesign' does not contain a definition for 'OriginalImageUrl' and no accessible extension method 'OriginalImageUrl' accepting a first argument of type 'AIDesign' could be found (are you missing a using directive or an assembly reference?) [C:\Users\Admin\Desktop\DecoratoSystem\Core\Application\Application.csproj]
C:\Users\Admin\Desktop\DecoratoSystem\Core\Application\Services\Implementation\AIDesignService.cs(87,24): error CS1061: 'AIDesign' does not contain a definition for 'GeneratedImageUrl' and no accessible extension method 'GeneratedImageUrl' accepting a first argument of type 'AIDesign' could be found (are you missing a using directive or an assembly reference?) [C:\Users\Admin\Desktop\DecoratoSystem\Core\Application\Application.csproj]
C:\Users\Admin\Desktop\DecoratoSystem\Core\Application\Services\Implementation\AIDesignService.cs(89,24): error CS1061: 'AIDesign' does not contain a definition for 'RoomTypeId' and no accessible extension method 'RoomTypeId' accepting a first argument of type 'AIDesign' could be found (are you missing a using directive or an assembly reference?) [C:\Users\Admin\Desktop\DecoratoSystem\Core\Application\Application.csproj]
C:\Users\Admin\Desktop\DecoratoSystem\Core\Application\Services\Implementation\AIDesignService.cs(90,24): error CS1061: 'AIDesign' does not contain a definition for 'RoomType' and no accessible extension method 'RoomType' accepting a first argument of type 'AIDesign' could be found (are you missing a using directive or an assembly reference?) [C:\Users\Admin\Desktop\DecoratoSystem\Core\Application\Application.csproj]
C:\Users\Admin\Desktop\DecoratoSystem\Core\Application\Services\Implementation\AIDesignService.cs(91,24): error CS1061: 'AIDesign' does not contain a definition for 'DesignStyleId' and no accessible extension method 'DesignStyleId' accepting a first argument of type 'AIDesign' could be found (are you missing a using directive or an assembly reference?) [C:\Users\Admin\Desktop\DecoratoSystem\Core\Application\Application.csproj]
C:\Users\Admin\Desktop\DecoratoSystem\Core\Application\Services\Implementation\AIDesignService.cs(92,24): error CS1061: 'AIDesign' does not contain a definition for 'DesignStyle' and no accessible extension method 'DesignStyle' accepting a first argument of type 'AIDesign' could be found (are you missing a using directive or an assembly reference?) [C:\Users\Admin\Desktop\DecoratoSystem\Core\Application\Application.csproj]
C:\Users\Admin\Desktop\DecoratoSystem\Core\Application\Services\Implementation\AIDesignService.cs(85,17): error CS1503: Argument 1: cannot convert from 'int' to 'string' [C:\Users\Admin\Desktop\DecoratoSystem\Core\Application\Application.csproj]
C:\Users\Admin\Desktop\DecoratoSystem\Core\Application\Services\Implementation\AIDesignService.cs(93,17): error CS1503: Argument 9: cannot convert from 'int' to 'string' [C:\Users\Admin\Desktop\DecoratoSystem\Core\Application\Application.csproj]
C:\Users\Admin\Desktop\DecoratoSystem\Core\Application\Services\Implementation\DesignStyleService.cs(51,20): error CS1061: 'DesignStyle' does not contain a definition for 'Description' and no accessible extension method 'Description' accepting a first argument of type 'DesignStyle' could be found (are you missing a using directive or an assembly reference?) [C:\Users\Admin\Desktop\DecoratoSystem\Core\Application\Application.csproj]
C:\Users\Admin\Desktop\DecoratoSystem\Core\Application\Services\Implementation\PostService.cs(49,24): error CS1061: 'Post' does not contain a definition for 'UpdatedAt' and no accessible extension method 'UpdatedAt' accepting a first argument of type 'Post' could be found (are you missing a using directive or an assembly reference?) [C:\Users\Admin\Desktop\DecoratoSystem\Core\Application\Application.csproj]
C:\Users\Admin\Desktop\DecoratoSystem\Core\Application\Services\Implementation\PostService.cs(53,21): error CS1503: Argument 1: cannot convert from 'int' to 'string' [C:\Users\Admin\Desktop\DecoratoSystem\Core\Application\Application.csproj]
C:\Users\Admin\Desktop\DecoratoSystem\Core\Application\Services\Implementation\PostService.cs(54,21): error CS1503: Argument 2: cannot convert from 'int' to 'string' [C:\Users\Admin\Desktop\DecoratoSystem\Core\Application\Application.csproj]
C:\Users\Admin\Desktop\DecoratoSystem\Core\Application\Services\Implementation\PostService.cs(55,21): error CS1503: Argument 3: cannot convert from 'int' to 'string' [C:\Users\Admin\Desktop\DecoratoSystem\Core\Application\Application.csproj]
C:\Users\Admin\Desktop\DecoratoSystem\Core\Application\Services\Implementation\PostService.cs(42,17): error CS1503: Argument 1: cannot convert from 'int' to 'string' [C:\Users\Admin\Desktop\DecoratoSystem\Core\Application\Application.csproj]
C:\Users\Admin\Desktop\DecoratoSystem\Core\Application\Services\Implementation\PostService.cs(43,17): error CS1503: Argument 2: cannot convert from 'int' to 'string' [C:\Users\Admin\Desktop\DecoratoSystem\Core\Application\Application.csproj]
C:\Users\Admin\Desktop\DecoratoSystem\Core\Application\Services\Implementation\PostService.cs(73,26): error CS0029: Cannot implicitly convert type 'string' to 'int' [C:\Users\Admin\Desktop\DecoratoSystem\Core\Application\Application.csproj]
C:\Users\Admin\Desktop\DecoratoSystem\Core\Application\Services\Implementation\CommentService.cs(80,17): error CS1503: Argument 1: cannot convert from 'int' to 'string' [C:\Users\Admin\Desktop\DecoratoSystem\Core\Application\Application.csproj]
C:\Users\Admin\Desktop\DecoratoSystem\Core\Application\Services\Implementation\CommentService.cs(81,17): error CS1503: Argument 2: cannot convert from 'int' to 'string' [C:\Users\Admin\Desktop\DecoratoSystem\Core\Application\Application.csproj]
C:\Users\Admin\Desktop\DecoratoSystem\Core\Application\Services\Implementation\CommentService.cs(82,17): error CS1503: Argument 3: cannot convert from 'int' to 'string' [C:\Users\Admin\Desktop\DecoratoSystem\Core\Application\Application.csproj]
C:\Users\Admin\Desktop\DecoratoSystem\Core\Application\Services\Implementation\PostService.cs(89,20): error CS1061: 'Post' does not contain a definition for 'UpdatedAt' and no accessible extension method 'UpdatedAt' accepting a first argument of type 'Post' could be found (are you missing a using directive or an assembly reference?) [C:\Users\Admin\Desktop\DecoratoSystem\Core\Application\Application.csproj]
C:\Users\Admin\Desktop\DecoratoSystem\Core\Application\Services\Implementation\RoomTypeService.cs(51,20): error CS1061: 'RoomType' does not contain a definition for 'Description' and no accessible extension method 'Description' accepting a first argument of type 'RoomType' could be found (are you missing a using directive or an assembly reference?) [C:\Users\Admin\Desktop\DecoratoSystem\Core\Application\Application.csproj]
C:\Users\Admin\Desktop\DecoratoSystem\Core\Application\Services\Implementation\ProfileService.cs(60,48): error CS1061: 'User' does not contain a definition for 'UserName' and no accessible extension method 'UserName' accepting a first argument of type 'User' could be found (are you missing a using directive or an assembly reference?) [C:\Users\Admin\Desktop\DecoratoSystem\Core\Application\Application.csproj]
C:\Users\Admin\Desktop\DecoratoSystem\Core\Application\Services\Implementation\ProfileService.cs(62,22): error CS1061: 'User' does not contain a definition for 'UserName' and no accessible extension method 'UserName' accepting a first argument of type 'User' could be found (are you missing a using directive or an assembly reference?) [C:\Users\Admin\Desktop\DecoratoSystem\Core\Application\Application.csproj]
C:\Users\Admin\Desktop\DecoratoSystem\Core\Application\Services\Implementation\RatingService.cs(52,26): error CS1061: 'Rating' does not contain a definition for 'Value' and no accessible extension method 'Value' accepting a first argument of type 'Rating' could be found (are you missing a using directive or an assembly reference?) [C:\Users\Admin\Desktop\DecoratoSystem\Core\Application\Application.csproj]
C:\Users\Admin\Desktop\DecoratoSystem\Core\Application\Services\Implementation\RatingService.cs(61,36): error CS0029: Cannot implicitly convert type 'string' to 'int?' [C:\Users\Admin\Desktop\DecoratoSystem\Core\Application\Application.csproj]
C:\Users\Admin\Desktop\DecoratoSystem\Core\Application\Services\Implementation\RatingService.cs(62,26): error CS0029: Cannot implicitly convert type 'string' to 'int' [C:\Users\Admin\Desktop\DecoratoSystem\Core\Application\Application.csproj]
C:\Users\Admin\Desktop\DecoratoSystem\Core\Application\Services\Implementation\RatingService.cs(63,17): error CS0117: 'Rating' does not contain a definition for 'Value' [C:\Users\Admin\Desktop\DecoratoSystem\Core\Application\Application.csproj]
C:\Users\Admin\Desktop\DecoratoSystem\Core\Application\Services\Implementation\PostService.cs(115,24): error CS1061: 'Post' does not contain a definition for 'UpdatedAt' and no accessible extension method 'UpdatedAt' accepting a first argument of type 'Post' could be found (are you missing a using directive or an assembly reference?) [C:\Users\Admin\Desktop\DecoratoSystem\Core\Application\Application.csproj]
C:\Users\Admin\Desktop\DecoratoSystem\Core\Application\Services\Implementation\PostService.cs(108,17): error CS1503: Argument 1: cannot convert from 'int' to 'string' [C:\Users\Admin\Desktop\DecoratoSystem\Core\Application\Application.csproj]
C:\Users\Admin\Desktop\DecoratoSystem\Core\Application\Services\Implementation\PostService.cs(109,17): error CS1503: Argument 2: cannot convert from 'int' to 'string' [C:\Users\Admin\Desktop\DecoratoSystem\Core\Application\Application.csproj]
C:\Users\Admin\Desktop\DecoratoSystem\Core\Application\Services\Implementation\RatingService.cs(90,24): error CS1061: 'Rating' does not contain a definition for 'Value' and no accessible extension method 'Value' accepting a first argument of type 'Rating' could be found (are you missing a using directive or an assembly reference?) [C:\Users\Admin\Desktop\DecoratoSystem\Core\Application\Application.csproj]
C:\Users\Admin\Desktop\DecoratoSystem\Core\Application\Services\Implementation\RatingService.cs(86,17): error CS1503: Argument 1: cannot convert from 'int' to 'string' [C:\Users\Admin\Desktop\DecoratoSystem\Core\Application\Application.csproj]
C:\Users\Admin\Desktop\DecoratoSystem\Core\Application\Services\Implementation\RatingService.cs(87,17): error CS1503: Argument 2: cannot convert from 'int?' to 'string' [C:\Users\Admin\Desktop\DecoratoSystem\Core\Application\Application.csproj]
C:\Users\Admin\Desktop\DecoratoSystem\Core\Application\Services\Implementation\RatingService.cs(88,17): error CS1503: Argument 3: cannot convert from 'int' to 'string' [C:\Users\Admin\Desktop\DecoratoSystem\Core\Application\Application.csproj]
C:\Users\Admin\Desktop\DecoratoSystem\Core\Application\Services\Implementation\ShowcaseDesignService.cs(40,17): error CS0117: 'ShowcaseDesign' does not contain a definition for 'Description' [C:\Users\Admin\Desktop\DecoratoSystem\Core\Application\Application.csproj]
C:\Users\Admin\Desktop\DecoratoSystem\Core\Application\Services\Implementation\ShowcaseDesignService.cs(42,30): error CS0029: Cannot implicitly convert type 'string' to 'int' [C:\Users\Admin\Desktop\DecoratoSystem\Core\Application\Application.csproj]
C:\Users\Admin\Desktop\DecoratoSystem\Core\Application\Services\Implementation\ShowcaseDesignService.cs(43,33): error CS0029: Cannot implicitly convert type 'string' to 'int' [C:\Users\Admin\Desktop\DecoratoSystem\Core\Application\Application.csproj]
C:\Users\Admin\Desktop\DecoratoSystem\Core\Application\Services\Implementation\ShowcaseDesignService.cs(44,17): error CS0117: 'ShowcaseDesign' does not contain a definition for 'UserId' [C:\Users\Admin\Desktop\DecoratoSystem\Core\Application\Application.csproj]
C:\Users\Admin\Desktop\DecoratoSystem\Core\Application\Services\Implementation\ShowcaseDesignService.cs(51,69): error CS1503: Argument 1: cannot convert from 'int' to 'string' [C:\Users\Admin\Desktop\DecoratoSystem\Core\Application\Application.csproj]
C:\Users\Admin\Desktop\DecoratoSystem\Core\Application\Services\Implementation\ShowcaseDesignService.cs(62,20): error CS1061: 'ShowcaseDesign' does not contain a definition for 'Description' and no accessible extension method 'Description' accepting a first argument of type 'ShowcaseDesign' could be found (are you missing a using directive or an assembly reference?) [C:\Users\Admin\Desktop\DecoratoSystem\Core\Application\Application.csproj]
C:\Users\Admin\Desktop\DecoratoSystem\Core\Application\Services\Implementation\ShowcaseDesignService.cs(64,33): error CS0029: Cannot implicitly convert type 'string' to 'int' [C:\Users\Admin\Desktop\DecoratoSystem\Core\Application\Application.csproj]
C:\Users\Admin\Desktop\DecoratoSystem\Core\Application\Services\Implementation\ShowcaseDesignService.cs(65,36): error CS0029: Cannot implicitly convert type 'string' to 'int' [C:\Users\Admin\Desktop\DecoratoSystem\Core\Application\Application.csproj]
C:\Users\Admin\Desktop\DecoratoSystem\Core\Application\Services\Implementation\AuthService.cs(36,61): error CS1061: 'User' does not contain a definition for 'UserName' and no accessible extension method 'UserName' accepting a first argument of type 'User' could be found (are you missing a using directive or an assembly reference?) [C:\Users\Admin\Desktop\DecoratoSystem\Core\Application\Application.csproj]
C:\Users\Admin\Desktop\DecoratoSystem\Core\Application\Services\Implementation\AuthService.cs(59,21): error CS0117: 'User' does not contain a definition for 'UserName' [C:\Users\Admin\Desktop\DecoratoSystem\Core\Application\Application.csproj]
C:\Users\Admin\Desktop\DecoratoSystem\Core\Application\Services\Implementation\AuthService.cs(70,52): error CS1061: 'User' does not contain a definition for 'UserName' and no accessible extension method 'UserName' accepting a first argument of type 'User' could be found (are you missing a using directive or an assembly reference?) [C:\Users\Admin\Desktop\DecoratoSystem\Core\Application\Application.csproj]
C:\Users\Admin\Desktop\DecoratoSystem\Core\Application\Services\Implementation\AuthService.cs(72,26): error CS1061: 'User' does not contain a definition for 'UserName' and no accessible extension method 'UserName' accepting a first argument of type 'User' could be found (are you missing a using directive or an assembly reference?) [C:\Users\Admin\Desktop\DecoratoSystem\Core\Application\Application.csproj]
C:\Users\Admin\Desktop\DecoratoSystem\Core\Application\Services\Implementation\AuthService.cs(78,82): error CS1061: 'User' does not contain a definition for 'UserName' and no accessible extension method 'UserName' accepting a first argument of type 'User' could be found (are you missing a using directive or an assembly reference?) [C:\Users\Admin\Desktop\DecoratoSystem\Core\Application\Application.csproj]
C:\Users\Admin\Desktop\DecoratoSystem\Core\Application\Services\Implementation\ProfileService.cs(162,60): error CS1503: Argument 1: cannot convert from 'int' to 'string' [C:\Users\Admin\Desktop\DecoratoSystem\Core\Application\Application.csproj]
C:\Users\Admin\Desktop\DecoratoSystem\Core\Application\Services\Implementation\ProfileService.cs(168,51): error CS1061: 'IRatingRepository' does not contain a definition for 'GetByUserIdAsync' and no accessible extension method 'GetByUserIdAsync' accepting a first argument of type 'IRatingRepository' could be found (are you missing a using directive or an assembly reference?) [C:\Users\Admin\Desktop\DecoratoSystem\Core\Application\Application.csproj]
C:\Users\Admin\Desktop\DecoratoSystem\Core\Application\Services\Implementation\AuthService.cs(83,46): error CS1061: 'IAuthRepository' does not contain a definition for 'FindUserById' and no accessible extension method 'FindUserById' accepting a first argument of type 'IAuthRepository' could be found (are you missing a using directive or an assembly reference?) [C:\Users\Admin\Desktop\DecoratoSystem\Core\Application\Application.csproj]
C:\Users\Admin\Desktop\DecoratoSystem\Core\Application\Services\Implementation\AuthService.cs(114,18): error CS1061: 'User' does not contain a definition for 'UserName' and no accessible extension method 'UserName' accepting a first argument of type 'User' could be found (are you missing a using directive or an assembly reference?) [C:\Users\Admin\Desktop\DecoratoSystem\Core\Application\Application.csproj]
C:\Users\Admin\Desktop\DecoratoSystem\Core\Application\Services\Implementation\AuthService.cs(119,66): error CS1061: 'User' does not contain a definition for 'UserName' and no accessible extension method 'UserName' accepting a first argument of type 'User' could be found (are you missing a using directive or an assembly reference?) [C:\Users\Admin\Desktop\DecoratoSystem\Core\Application\Application.csproj]
C:\Users\Admin\Desktop\DecoratoSystem\Core\Application\Services\Implementation\AuthService.cs(143,84): error CS1061: 'User' does not contain a definition for 'UserName' and no accessible extension method 'UserName' accepting a first argument of type 'User' could be found (are you missing a using directive or an assembly reference?) [C:\Users\Admin\Desktop\DecoratoSystem\Core\Application\Application.csproj]
C:\Users\Admin\Desktop\DecoratoSystem\Core\Application\Services\Implementation\ShowcaseDesignService.cs(120,91): error CS1061: 'Rating' does not contain a definition for 'Value' and no accessible extension method 'Value' accepting a first argument of type 'Rating' could be found (are you missing a using directive or an assembly reference?) [C:\Users\Admin\Desktop\DecoratoSystem\Core\Application\Application.csproj]
C:\Users\Admin\Desktop\DecoratoSystem\Core\Application\Services\Implementation\ShowcaseDesignService.cs(124,24): error CS1061: 'ShowcaseDesign' does not contain a definition for 'Description' and no accessible extension method 'Description' accepting a first argument of type 'ShowcaseDesign' could be found (are you missing a using directive or an assembly reference?) [C:\Users\Admin\Desktop\DecoratoSystem\Core\Application\Application.csproj]
C:\Users\Admin\Desktop\DecoratoSystem\Core\Application\Services\Implementation\ShowcaseDesignService.cs(130,24): error CS1061: 'ShowcaseDesign' does not contain a definition for 'UserId' and no accessible extension method 'UserId' accepting a first argument of type 'ShowcaseDesign' could be found (are you missing a using directive or an assembly reference?) [C:\Users\Admin\Desktop\DecoratoSystem\Core\Application\Application.csproj]
C:\Users\Admin\Desktop\DecoratoSystem\Core\Application\Services\Implementation\ShowcaseDesignService.cs(131,24): error CS1061: 'ShowcaseDesign' does not contain a definition for 'User' and no accessible extension method 'User' accepting a first argument of type 'ShowcaseDesign' could be found (are you missing a using directive or an assembly reference?) [C:\Users\Admin\Desktop\DecoratoSystem\Core\Application\Application.csproj]
C:\Users\Admin\Desktop\DecoratoSystem\Core\Application\Services\Implementation\ShowcaseDesignService.cs(122,17): error CS1503: Argument 1: cannot convert from 'int' to 'string' [C:\Users\Admin\Desktop\DecoratoSystem\Core\Application\Application.csproj]
C:\Users\Admin\Desktop\DecoratoSystem\Core\Application\Services\Implementation\ShowcaseDesignService.cs(126,17): error CS1503: Argument 5: cannot convert from 'int' to 'string' [C:\Users\Admin\Desktop\DecoratoSystem\Core\Application\Application.csproj]
C:\Users\Admin\Desktop\DecoratoSystem\Core\Application\Services\Implementation\ShowcaseDesignService.cs(128,17): error CS1503: Argument 7: cannot convert from 'int' to 'string' [C:\Users\Admin\Desktop\DecoratoSystem\Core\Application\Application.csproj]
    7 Warning(s)
    83 Error(s)

Time Elapsed 00:00:09.33
